{"repo":{"id":1661758,"node_id":"MDEwOlJlcG9zaXRvcnkxNjYxNzU4","name":"node-restify","full_name":"restify/node-restify","private":false,"owner":{"login":"restify","id":6948699,"node_id":"MDEyOk9yZ2FuaXphdGlvbjY5NDg2OTk=","avatar_url":"https://avatars.githubusercontent.com/u/6948699?v=4","gravatar_id":"","url":"https://api.github.com/users/restify","html_url":"https://github.com/restify","followers_url":"https://api.github.com/users/restify/followers","following_url":"https://api.github.com/users/restify/following{/other_user}","gists_url":"https://api.github.com/users/restify/gists{/gist_id}","starred_url":"https://api.github.com/users/restify/starred{/owner}{/repo}","subscriptions_url":"https://api.github.com/users/restify/subscriptions","organizations_url":"https://api.github.com/users/restify/orgs","repos_url":"https://api.github.com/users/restify/repos","events_url":"https://api.github.com/users/restify/events{/privacy}","received_events_url":"https://api.github.com/users/restify/received_events","type":"Organization","site_admin":false},"html_url":"https://github.com/restify/node-restify","description":"The future of Node.js REST development","fork":false,"url":"https://api.github.com/repos/restify/node-restify","forks_url":"https://api.github.com/repos/restify/node-restify/forks","keys_url":"https://api.github.com/repos/restify/node-restify/keys{/key_id}","collaborators_url":"https://api.github.com/repos/restify/node-restify/collaborators{/collaborator}","teams_url":"https://api.github.com/repos/restify/node-restify/teams","hooks_url":"https://api.github.com/repos/restify/node-restify/hooks","issue_events_url":"https://api.github.com/repos/restify/node-restify/issues/events{/number}","events_url":"https://api.github.com/repos/restify/node-restify/events","assignees_url":"https://api.github.com/repos/restify/node-restify/assignees{/user}","branches_url":"https://api.github.com/repos/restify/node-restify/branches{/branch}","tags_url":"https://api.github.com/repos/restify/node-restify/tags","blobs_url":"https://api.github.com/repos/restify/node-restify/git/blobs{/sha}","git_tags_url":"https://api.github.com/repos/restify/node-restify/git/tags{/sha}","git_refs_url":"https://api.github.com/repos/restify/node-restify/git/refs{/sha}","trees_url":"https://api.github.com/repos/restify/node-restify/git/trees{/sha}","statuses_url":"https://api.github.com/repos/restify/node-restify/statuses/{sha}","languages_url":"https://api.github.com/repos/restify/node-restify/languages","stargazers_url":"https://api.github.com/repos/restify/node-restify/stargazers","contributors_url":"https://api.github.com/repos/restify/node-restify/contributors","subscribers_url":"https://api.github.com/repos/restify/node-restify/subscribers","subscription_url":"https://api.github.com/repos/restify/node-restify/subscription","commits_url":"https://api.github.com/repos/restify/node-restify/commits{/sha}","git_commits_url":"https://api.github.com/repos/restify/node-restify/git/commits{/sha}","comments_url":"https://api.github.com/repos/restify/node-restify/comments{/number}","issue_comment_url":"https://api.github.com/repos/restify/node-restify/issues/comments{/number}","contents_url":"https://api.github.com/repos/restify/node-restify/contents/{+path}","compare_url":"https://api.github.com/repos/restify/node-restify/compare/{base}...{head}","merges_url":"https://api.github.com/repos/restify/node-restify/merges","archive_url":"https://api.github.com/repos/restify/node-restify/{archive_format}{/ref}","downloads_url":"https://api.github.com/repos/restify/node-restify/downloads","issues_url":"https://api.github.com/repos/restify/node-restify/issues{/number}","pulls_url":"https://api.github.com/repos/restify/node-restify/pulls{/number}","milestones_url":"https://api.github.com/repos/restify/node-restify/milestones{/number}","notifications_url":"https://api.github.com/repos/restify/node-restify/notifications{?since,all,participating}","labels_url":"https://api.github.com/repos/restify/node-restify/labels{/name}","releases_url":"https://api.github.com/repos/restify/node-restify/releases{/id}","deployments_url":"https://api.github.com/repos/restify/node-restify/deployments","created_at":"2011-04-25T21:19:26.000Z","updated_at":"2021-12-19T18:45:51.000Z","pushed_at":"2021-12-20T08:49:48.000Z","git_url":"git://github.com/restify/node-restify.git","ssh_url":"git@github.com:restify/node-restify.git","clone_url":"https://github.com/restify/node-restify.git","svn_url":"https://github.com/restify/node-restify","homepage":"http://restify.com","size":4268,"stargazers_count":10337,"watchers_count":10337,"language":"JavaScript","has_issues":true,"has_projects":false,"has_downloads":true,"has_wiki":true,"has_pages":false,"forks_count":1000,"mirror_url":null,"archived":false,"disabled":false,"open_issues_count":98,"license":{"key":"mit","name":"MIT License","spdx_id":"MIT","url":"https://api.github.com/licenses/mit","node_id":"MDc6TGljZW5zZTEz"},"allow_forking":true,"is_template":false,"topics":["rest-api","restify","server"],"visibility":"public","forks":1000,"open_issues":98,"watchers":10337,"default_branch":"master","permissions":{"admin":false,"maintain":false,"push":false,"triage":false,"pull":true}}}